// Jest Snapshot v1, https://goo.gl/fbAQLP

exports[`should render ExpenseList with empty messages 1`] = `
<div>
  <p>
    No expenses
  </p>
</div>
`;

exports[`should render ExpenseList with expenses 1`] = `
<div>
  <Component
    amount={666}
    createdAt={0}
    description="dog"
    id="1"
    key="1"
    note=""
  />
  <Component
    amount={100000}
    createdAt={-345600000}
    description="Rent"
    id="2"
    key="2"
    note=""
  />
  <Component
    amount={4500}
    createdAt={345600000}
    description="Internet"
    id="3"
    key="3"
    note=""
  />
</div>
`;
