// Jest Snapshot v1, https://goo.gl/fbAQLP

exports[`should render ExpenseDashboardPage with expense 1`] = `
<div>
  This is a dashboard component
  <Connect(ExpenseListFilters) />
  <Connect(ExpenseList) />
</div>
`;
