// Jest Snapshot v1, https://goo.gl/fbAQLP

exports[`should render ExpenseListItem with expense 1`] = `
<div>
  <Link
    replace={false}
    to="/edit/1"
  >
    <h3>
      dog
    </h3>
  </Link>
  <p>
    666
    -
    0
  </p>
</div>
`;
